{"timestamp":"2025-12-06T15:10:37.617735Z","level":"info","event":"Filling up the DagBag from /Users/nicolasvelazquez/documents/udesa/ingenieriadatos/examen_ing_de_sw_n_data_final/dags/medallion_medallion_dag.py","logger":"airflow.models.dagbag.DagBag","filename":"dagbag.py","lineno":593}
{"timestamp":"2025-12-06T15:10:37.764194Z","level":"error","event":"objc[52817]: +[NSNumber initialize] may have been in progress in another thread when fork() was called.","logger":"task.stderr"}
{"timestamp":"2025-12-06T15:10:37.764370Z","level":"error","event":"objc[52817]: +[NSNumber initialize] may have been in progress in another thread when fork() was called. We cannot safely call it or ignore it in the fork() child process. Crashing instead. Set a breakpoint on objc_initializeAfterForkError to debug.","logger":"task.stderr"}
{"timestamp":"2025-12-06T15:10:37.764472Z","level":"error","event":"Process terminated by signal. For more information, see https://airflow.apache.org/docs/apache-airflow/stable/troubleshooting.html#process-terminated-by-signal.","signal":-6,"signal_name":"SIGABRT","logger":"processor"}
{"timestamp":"2025-12-06T15:11:07.975020Z","level":"info","event":"Filling up the DagBag from /Users/nicolasvelazquez/documents/udesa/ingenieriadatos/examen_ing_de_sw_n_data_final/dags/medallion_medallion_dag.py","logger":"airflow.models.dagbag.DagBag","filename":"dagbag.py","lineno":593}
{"timestamp":"2025-12-06T15:11:08.109699Z","level":"error","event":"objc[52914]: +[NSNumber initialize] may have been in progress in another thread when fork() was called.","logger":"task.stderr"}
{"timestamp":"2025-12-06T15:11:08.109826Z","level":"error","event":"objc[52914]: +[NSNumber initialize] may have been in progress in another thread when fork() was called. We cannot safely call it or ignore it in the fork() child process. Crashing instead. Set a breakpoint on objc_initializeAfterForkError to debug.","logger":"task.stderr"}
{"timestamp":"2025-12-06T15:11:08.109934Z","level":"error","event":"Process terminated by signal. For more information, see https://airflow.apache.org/docs/apache-airflow/stable/troubleshooting.html#process-terminated-by-signal.","signal":-6,"signal_name":"SIGABRT","logger":"processor"}
{"timestamp":"2025-12-06T15:11:38.294823Z","level":"info","event":"Filling up the DagBag from /Users/nicolasvelazquez/documents/udesa/ingenieriadatos/examen_ing_de_sw_n_data_final/dags/medallion_medallion_dag.py","logger":"airflow.models.dagbag.DagBag","filename":"dagbag.py","lineno":593}
{"timestamp":"2025-12-06T15:11:38.428491Z","level":"error","event":"objc[53006]: +[NSNumber initialize] may have been in progress in another thread when fork() was called.","logger":"task.stderr"}
{"timestamp":"2025-12-06T15:11:38.428637Z","level":"error","event":"objc[53006]: +[NSNumber initialize] may have been in progress in another thread when fork() was called. We cannot safely call it or ignore it in the fork() child process. Crashing instead. Set a breakpoint on objc_initializeAfterForkError to debug.","logger":"task.stderr"}
{"timestamp":"2025-12-06T15:11:38.428744Z","level":"error","event":"Process terminated by signal. For more information, see https://airflow.apache.org/docs/apache-airflow/stable/troubleshooting.html#process-terminated-by-signal.","signal":-6,"signal_name":"SIGABRT","logger":"processor"}
{"timestamp":"2025-12-06T15:12:08.624952Z","level":"info","event":"Filling up the DagBag from /Users/nicolasvelazquez/documents/udesa/ingenieriadatos/examen_ing_de_sw_n_data_final/dags/medallion_medallion_dag.py","logger":"airflow.models.dagbag.DagBag","filename":"dagbag.py","lineno":593}
{"timestamp":"2025-12-06T15:12:08.749807Z","level":"error","event":"objc[53110]: +[NSNumber initialize] may have been in progress in another thread when fork() was called.","logger":"task.stderr"}
{"timestamp":"2025-12-06T15:12:08.749936Z","level":"error","event":"objc[53110]: +[NSNumber initialize] may have been in progress in another thread when fork() was called. We cannot safely call it or ignore it in the fork() child process. Crashing instead. Set a breakpoint on objc_initializeAfterForkError to debug.","logger":"task.stderr"}
{"timestamp":"2025-12-06T15:12:08.750064Z","level":"error","event":"Process terminated by signal. For more information, see https://airflow.apache.org/docs/apache-airflow/stable/troubleshooting.html#process-terminated-by-signal.","signal":-6,"signal_name":"SIGABRT","logger":"processor"}
{"timestamp":"2025-12-06T15:12:39.022713Z","level":"info","event":"Filling up the DagBag from /Users/nicolasvelazquez/documents/udesa/ingenieriadatos/examen_ing_de_sw_n_data_final/dags/medallion_medallion_dag.py","logger":"airflow.models.dagbag.DagBag","filename":"dagbag.py","lineno":593}
{"timestamp":"2025-12-06T15:12:39.159222Z","level":"error","event":"objc[53133]: +[NSNumber initialize] may have been in progress in another thread when fork() was called.","logger":"task.stderr"}
{"timestamp":"2025-12-06T15:12:39.159351Z","level":"error","event":"objc[53133]: +[NSNumber initialize] may have been in progress in another thread when fork() was called. We cannot safely call it or ignore it in the fork() child process. Crashing instead. Set a breakpoint on objc_initializeAfterForkError to debug.","logger":"task.stderr"}
{"timestamp":"2025-12-06T15:12:39.159456Z","level":"error","event":"Process terminated by signal. For more information, see https://airflow.apache.org/docs/apache-airflow/stable/troubleshooting.html#process-terminated-by-signal.","signal":-6,"signal_name":"SIGABRT","logger":"processor"}
{"timestamp":"2025-12-06T15:13:17.807548Z","level":"info","event":"Filling up the DagBag from /Users/nicolasvelazquez/documents/udesa/ingenieriadatos/examen_ing_de_sw_n_data_final/dags/medallion_medallion_dag.py","logger":"airflow.models.dagbag.DagBag","filename":"dagbag.py","lineno":593}
{"timestamp":"2025-12-06T15:13:17.936959Z","level":"error","event":"objc[53155]: +[NSNumber initialize] may have been in progress in another thread when fork() was called.","logger":"task.stderr"}
{"timestamp":"2025-12-06T15:13:17.937098Z","level":"error","event":"objc[53155]: +[NSNumber initialize] may have been in progress in another thread when fork() was called. We cannot safely call it or ignore it in the fork() child process. Crashing instead. Set a breakpoint on objc_initializeAfterForkError to debug.","logger":"task.stderr"}
{"timestamp":"2025-12-06T15:13:17.937212Z","level":"error","event":"Process terminated by signal. For more information, see https://airflow.apache.org/docs/apache-airflow/stable/troubleshooting.html#process-terminated-by-signal.","signal":-6,"signal_name":"SIGABRT","logger":"processor"}
{"timestamp":"2025-12-06T15:13:48.145282Z","level":"info","event":"Filling up the DagBag from /Users/nicolasvelazquez/documents/udesa/ingenieriadatos/examen_ing_de_sw_n_data_final/dags/medallion_medallion_dag.py","logger":"airflow.models.dagbag.DagBag","filename":"dagbag.py","lineno":593}
{"timestamp":"2025-12-06T15:13:48.265625Z","level":"error","event":"objc[53161]: +[NSNumber initialize] may have been in progress in another thread when fork() was called.","logger":"task.stderr"}
{"timestamp":"2025-12-06T15:13:48.265749Z","level":"error","event":"objc[53161]: +[NSNumber initialize] may have been in progress in another thread when fork() was called. We cannot safely call it or ignore it in the fork() child process. Crashing instead. Set a breakpoint on objc_initializeAfterForkError to debug.","logger":"task.stderr"}
{"timestamp":"2025-12-06T15:13:48.265854Z","level":"error","event":"Process terminated by signal. For more information, see https://airflow.apache.org/docs/apache-airflow/stable/troubleshooting.html#process-terminated-by-signal.","signal":-6,"signal_name":"SIGABRT","logger":"processor"}
{"timestamp":"2025-12-06T15:14:18.479650Z","level":"info","event":"Filling up the DagBag from /Users/nicolasvelazquez/documents/udesa/ingenieriadatos/examen_ing_de_sw_n_data_final/dags/medallion_medallion_dag.py","logger":"airflow.models.dagbag.DagBag","filename":"dagbag.py","lineno":593}
{"timestamp":"2025-12-06T15:14:18.607280Z","level":"error","event":"objc[53180]: +[NSNumber initialize] may have been in progress in another thread when fork() was called.","logger":"task.stderr"}
{"timestamp":"2025-12-06T15:14:18.607424Z","level":"error","event":"objc[53180]: +[NSNumber initialize] may have been in progress in another thread when fork() was called. We cannot safely call it or ignore it in the fork() child process. Crashing instead. Set a breakpoint on objc_initializeAfterForkError to debug.","logger":"task.stderr"}
{"timestamp":"2025-12-06T15:14:18.607522Z","level":"error","event":"Process terminated by signal. For more information, see https://airflow.apache.org/docs/apache-airflow/stable/troubleshooting.html#process-terminated-by-signal.","signal":-6,"signal_name":"SIGABRT","logger":"processor"}
{"timestamp":"2025-12-06T15:14:48.799919Z","level":"info","event":"Filling up the DagBag from /Users/nicolasvelazquez/documents/udesa/ingenieriadatos/examen_ing_de_sw_n_data_final/dags/medallion_medallion_dag.py","logger":"airflow.models.dagbag.DagBag","filename":"dagbag.py","lineno":593}
{"timestamp":"2025-12-06T15:14:48.928210Z","level":"error","event":"objc[53206]: +[NSNumber initialize] may have been in progress in another thread when fork() was called.","logger":"task.stderr"}
{"timestamp":"2025-12-06T15:14:48.928328Z","level":"error","event":"objc[53206]: +[NSNumber initialize] may have been in progress in another thread when fork() was called. We cannot safely call it or ignore it in the fork() child process. Crashing instead. Set a breakpoint on objc_initializeAfterForkError to debug.","logger":"task.stderr"}
{"timestamp":"2025-12-06T15:14:48.928431Z","level":"error","event":"Process terminated by signal. For more information, see https://airflow.apache.org/docs/apache-airflow/stable/troubleshooting.html#process-terminated-by-signal.","signal":-6,"signal_name":"SIGABRT","logger":"processor"}
{"timestamp":"2025-12-06T15:27:30.748810Z","level":"info","event":"Filling up the DagBag from /Users/nicolasvelazquez/documents/udesa/ingenieriadatos/examen_ing_de_sw_n_data_final/dags/medallion_medallion_dag.py","logger":"airflow.models.dagbag.DagBag","filename":"dagbag.py","lineno":593}
{"timestamp":"2025-12-06T15:27:30.886151Z","level":"error","event":"objc[53847]: +[NSNumber initialize] may have been in progress in another thread when fork() was called.","logger":"task.stderr"}
{"timestamp":"2025-12-06T15:27:30.886347Z","level":"error","event":"objc[53847]: +[NSNumber initialize] may have been in progress in another thread when fork() was called. We cannot safely call it or ignore it in the fork() child process. Crashing instead. Set a breakpoint on objc_initializeAfterForkError to debug.","logger":"task.stderr"}
{"timestamp":"2025-12-06T15:27:30.886497Z","level":"error","event":"Process terminated by signal. For more information, see https://airflow.apache.org/docs/apache-airflow/stable/troubleshooting.html#process-terminated-by-signal.","signal":-6,"signal_name":"SIGABRT","logger":"processor"}
{"timestamp":"2025-12-06T15:28:01.071022Z","level":"info","event":"Filling up the DagBag from /Users/nicolasvelazquez/documents/udesa/ingenieriadatos/examen_ing_de_sw_n_data_final/dags/medallion_medallion_dag.py","logger":"airflow.models.dagbag.DagBag","filename":"dagbag.py","lineno":593}
{"timestamp":"2025-12-06T15:28:01.200641Z","level":"error","event":"objc[53855]: +[NSNumber initialize] may have been in progress in another thread when fork() was called.","logger":"task.stderr"}
{"timestamp":"2025-12-06T15:28:01.200769Z","level":"error","event":"objc[53855]: +[NSNumber initialize] may have been in progress in another thread when fork() was called. We cannot safely call it or ignore it in the fork() child process. Crashing instead. Set a breakpoint on objc_initializeAfterForkError to debug.","logger":"task.stderr"}
{"timestamp":"2025-12-06T15:28:01.200884Z","level":"error","event":"Process terminated by signal. For more information, see https://airflow.apache.org/docs/apache-airflow/stable/troubleshooting.html#process-terminated-by-signal.","signal":-6,"signal_name":"SIGABRT","logger":"processor"}
{"timestamp":"2025-12-06T15:28:31.381835Z","level":"info","event":"Filling up the DagBag from /Users/nicolasvelazquez/documents/udesa/ingenieriadatos/examen_ing_de_sw_n_data_final/dags/medallion_medallion_dag.py","logger":"airflow.models.dagbag.DagBag","filename":"dagbag.py","lineno":593}
{"timestamp":"2025-12-06T15:28:31.508189Z","level":"error","event":"objc[53860]: +[NSNumber initialize] may have been in progress in another thread when fork() was called.","logger":"task.stderr"}
{"timestamp":"2025-12-06T15:28:31.508317Z","level":"error","event":"objc[53860]: +[NSNumber initialize] may have been in progress in another thread when fork() was called. We cannot safely call it or ignore it in the fork() child process. Crashing instead. Set a breakpoint on objc_initializeAfterForkError to debug.","logger":"task.stderr"}
{"timestamp":"2025-12-06T15:28:31.508410Z","level":"error","event":"Process terminated by signal. For more information, see https://airflow.apache.org/docs/apache-airflow/stable/troubleshooting.html#process-terminated-by-signal.","signal":-6,"signal_name":"SIGABRT","logger":"processor"}
{"timestamp":"2025-12-06T15:29:01.705448Z","level":"info","event":"Filling up the DagBag from /Users/nicolasvelazquez/documents/udesa/ingenieriadatos/examen_ing_de_sw_n_data_final/dags/medallion_medallion_dag.py","logger":"airflow.models.dagbag.DagBag","filename":"dagbag.py","lineno":593}
{"timestamp":"2025-12-06T15:29:01.844089Z","level":"error","event":"objc[53865]: +[NSNumber initialize] may have been in progress in another thread when fork() was called.","logger":"task.stderr"}
{"timestamp":"2025-12-06T15:29:01.844218Z","level":"error","event":"objc[53865]: +[NSNumber initialize] may have been in progress in another thread when fork() was called. We cannot safely call it or ignore it in the fork() child process. Crashing instead. Set a breakpoint on objc_initializeAfterForkError to debug.","logger":"task.stderr"}
{"timestamp":"2025-12-06T15:29:01.844311Z","level":"error","event":"Process terminated by signal. For more information, see https://airflow.apache.org/docs/apache-airflow/stable/troubleshooting.html#process-terminated-by-signal.","signal":-6,"signal_name":"SIGABRT","logger":"processor"}
{"timestamp":"2025-12-06T15:29:32.024430Z","level":"info","event":"Filling up the DagBag from /Users/nicolasvelazquez/documents/udesa/ingenieriadatos/examen_ing_de_sw_n_data_final/dags/medallion_medallion_dag.py","logger":"airflow.models.dagbag.DagBag","filename":"dagbag.py","lineno":593}
{"timestamp":"2025-12-06T15:29:32.152558Z","level":"error","event":"objc[53869]: +[NSNumber initialize] may have been in progress in another thread when fork() was called.","logger":"task.stderr"}
{"timestamp":"2025-12-06T15:29:32.152672Z","level":"error","event":"objc[53869]: +[NSNumber initialize] may have been in progress in another thread when fork() was called. We cannot safely call it or ignore it in the fork() child process. Crashing instead. Set a breakpoint on objc_initializeAfterForkError to debug.","logger":"task.stderr"}
{"timestamp":"2025-12-06T15:29:32.152759Z","level":"error","event":"Process terminated by signal. For more information, see https://airflow.apache.org/docs/apache-airflow/stable/troubleshooting.html#process-terminated-by-signal.","signal":-6,"signal_name":"SIGABRT","logger":"processor"}
{"timestamp":"2025-12-06T15:30:02.381816Z","level":"info","event":"Filling up the DagBag from /Users/nicolasvelazquez/documents/udesa/ingenieriadatos/examen_ing_de_sw_n_data_final/dags/medallion_medallion_dag.py","logger":"airflow.models.dagbag.DagBag","filename":"dagbag.py","lineno":593}
{"timestamp":"2025-12-06T15:30:02.452399Z","level":"error","event":"objc[53873]: +[NSNumber initialize] may have been in progress in another thread when fork() was called.","logger":"task.stderr"}
{"timestamp":"2025-12-06T15:30:02.452676Z","level":"error","event":"objc[53873]: +[NSNumber initialize] may have been in progress in another thread when fork() was called. We cannot safely call it or ignore it in the fork() child process. Crashing instead. Set a breakpoint on objc_initializeAfterForkError to debug.","logger":"task.stderr"}
{"timestamp":"2025-12-06T15:30:02.452806Z","level":"error","event":"Process terminated by signal. For more information, see https://airflow.apache.org/docs/apache-airflow/stable/troubleshooting.html#process-terminated-by-signal.","signal":-6,"signal_name":"SIGABRT","logger":"processor"}
{"timestamp":"2025-12-06T15:30:32.682147Z","level":"info","event":"Filling up the DagBag from /Users/nicolasvelazquez/documents/udesa/ingenieriadatos/examen_ing_de_sw_n_data_final/dags/medallion_medallion_dag.py","logger":"airflow.models.dagbag.DagBag","filename":"dagbag.py","lineno":593}
{"timestamp":"2025-12-06T15:30:32.810467Z","level":"error","event":"objc[53878]: +[NSNumber initialize] may have been in progress in another thread when fork() was called.","logger":"task.stderr"}
{"timestamp":"2025-12-06T15:30:32.810567Z","level":"error","event":"objc[53878]: +[NSNumber initialize] may have been in progress in another thread when fork() was called. We cannot safely call it or ignore it in the fork() child process. Crashing instead. Set a breakpoint on objc_initializeAfterForkError to debug.","logger":"task.stderr"}
{"timestamp":"2025-12-06T15:30:32.810656Z","level":"error","event":"Process terminated by signal. For more information, see https://airflow.apache.org/docs/apache-airflow/stable/troubleshooting.html#process-terminated-by-signal.","signal":-6,"signal_name":"SIGABRT","logger":"processor"}
{"timestamp":"2025-12-06T15:31:03.003211Z","level":"info","event":"Filling up the DagBag from /Users/nicolasvelazquez/documents/udesa/ingenieriadatos/examen_ing_de_sw_n_data_final/dags/medallion_medallion_dag.py","logger":"airflow.models.dagbag.DagBag","filename":"dagbag.py","lineno":593}
{"timestamp":"2025-12-06T15:31:03.125945Z","level":"error","event":"objc[53882]: +[NSNumber initialize] may have been in progress in another thread when fork() was called.","logger":"task.stderr"}
{"timestamp":"2025-12-06T15:31:03.126047Z","level":"error","event":"objc[53882]: +[NSNumber initialize] may have been in progress in another thread when fork() was called. We cannot safely call it or ignore it in the fork() child process. Crashing instead. Set a breakpoint on objc_initializeAfterForkError to debug.","logger":"task.stderr"}
{"timestamp":"2025-12-06T15:31:03.126138Z","level":"error","event":"Process terminated by signal. For more information, see https://airflow.apache.org/docs/apache-airflow/stable/troubleshooting.html#process-terminated-by-signal.","signal":-6,"signal_name":"SIGABRT","logger":"processor"}
{"timestamp":"2025-12-06T15:31:33.324025Z","level":"info","event":"Filling up the DagBag from /Users/nicolasvelazquez/documents/udesa/ingenieriadatos/examen_ing_de_sw_n_data_final/dags/medallion_medallion_dag.py","logger":"airflow.models.dagbag.DagBag","filename":"dagbag.py","lineno":593}
{"timestamp":"2025-12-06T15:31:33.443340Z","level":"error","event":"objc[53886]: +[NSNumber initialize] may have been in progress in another thread when fork() was called.","logger":"task.stderr"}
{"timestamp":"2025-12-06T15:31:33.443447Z","level":"error","event":"objc[53886]: +[NSNumber initialize] may have been in progress in another thread when fork() was called. We cannot safely call it or ignore it in the fork() child process. Crashing instead. Set a breakpoint on objc_initializeAfterForkError to debug.","logger":"task.stderr"}
{"timestamp":"2025-12-06T15:31:33.443533Z","level":"error","event":"Process terminated by signal. For more information, see https://airflow.apache.org/docs/apache-airflow/stable/troubleshooting.html#process-terminated-by-signal.","signal":-6,"signal_name":"SIGABRT","logger":"processor"}
{"timestamp":"2025-12-06T15:32:03.647868Z","level":"info","event":"Filling up the DagBag from /Users/nicolasvelazquez/documents/udesa/ingenieriadatos/examen_ing_de_sw_n_data_final/dags/medallion_medallion_dag.py","logger":"airflow.models.dagbag.DagBag","filename":"dagbag.py","lineno":593}
{"timestamp":"2025-12-06T15:32:03.779475Z","level":"error","event":"objc[53894]: +[NSNumber initialize] may have been in progress in another thread when fork() was called.","logger":"task.stderr"}
{"timestamp":"2025-12-06T15:32:03.779604Z","level":"error","event":"objc[53894]: +[NSNumber initialize] may have been in progress in another thread when fork() was called. We cannot safely call it or ignore it in the fork() child process. Crashing instead. Set a breakpoint on objc_initializeAfterForkError to debug.","logger":"task.stderr"}
{"timestamp":"2025-12-06T15:32:03.779696Z","level":"error","event":"Process terminated by signal. For more information, see https://airflow.apache.org/docs/apache-airflow/stable/troubleshooting.html#process-terminated-by-signal.","signal":-6,"signal_name":"SIGABRT","logger":"processor"}
{"timestamp":"2025-12-06T15:32:33.982313Z","level":"info","event":"Filling up the DagBag from /Users/nicolasvelazquez/documents/udesa/ingenieriadatos/examen_ing_de_sw_n_data_final/dags/medallion_medallion_dag.py","logger":"airflow.models.dagbag.DagBag","filename":"dagbag.py","lineno":593}
{"timestamp":"2025-12-06T15:32:34.105990Z","level":"error","event":"objc[53916]: +[NSNumber initialize] may have been in progress in another thread when fork() was called.","logger":"task.stderr"}
{"timestamp":"2025-12-06T15:32:34.106102Z","level":"error","event":"objc[53916]: +[NSNumber initialize] may have been in progress in another thread when fork() was called. We cannot safely call it or ignore it in the fork() child process. Crashing instead. Set a breakpoint on objc_initializeAfterForkError to debug.","logger":"task.stderr"}
{"timestamp":"2025-12-06T15:32:34.106207Z","level":"error","event":"Process terminated by signal. For more information, see https://airflow.apache.org/docs/apache-airflow/stable/troubleshooting.html#process-terminated-by-signal.","signal":-6,"signal_name":"SIGABRT","logger":"processor"}
{"timestamp":"2025-12-06T15:33:04.338151Z","level":"info","event":"Filling up the DagBag from /Users/nicolasvelazquez/documents/udesa/ingenieriadatos/examen_ing_de_sw_n_data_final/dags/medallion_medallion_dag.py","logger":"airflow.models.dagbag.DagBag","filename":"dagbag.py","lineno":593}
{"timestamp":"2025-12-06T15:33:04.463483Z","level":"error","event":"objc[53920]: +[NSNumber initialize] may have been in progress in another thread when fork() was called.","logger":"task.stderr"}
{"timestamp":"2025-12-06T15:33:04.463591Z","level":"error","event":"objc[53920]: +[NSNumber initialize] may have been in progress in another thread when fork() was called. We cannot safely call it or ignore it in the fork() child process. Crashing instead. Set a breakpoint on objc_initializeAfterForkError to debug.","logger":"task.stderr"}
{"timestamp":"2025-12-06T15:33:04.463684Z","level":"error","event":"Process terminated by signal. For more information, see https://airflow.apache.org/docs/apache-airflow/stable/troubleshooting.html#process-terminated-by-signal.","signal":-6,"signal_name":"SIGABRT","logger":"processor"}
{"timestamp":"2025-12-06T15:33:34.689030Z","level":"info","event":"Filling up the DagBag from /Users/nicolasvelazquez/documents/udesa/ingenieriadatos/examen_ing_de_sw_n_data_final/dags/medallion_medallion_dag.py","logger":"airflow.models.dagbag.DagBag","filename":"dagbag.py","lineno":593}
{"timestamp":"2025-12-06T15:33:34.807671Z","level":"error","event":"objc[53924]: +[NSNumber initialize] may have been in progress in another thread when fork() was called.","logger":"task.stderr"}
{"timestamp":"2025-12-06T15:33:34.807787Z","level":"error","event":"objc[53924]: +[NSNumber initialize] may have been in progress in another thread when fork() was called. We cannot safely call it or ignore it in the fork() child process. Crashing instead. Set a breakpoint on objc_initializeAfterForkError to debug.","logger":"task.stderr"}
{"timestamp":"2025-12-06T15:33:34.807875Z","level":"error","event":"Process terminated by signal. For more information, see https://airflow.apache.org/docs/apache-airflow/stable/troubleshooting.html#process-terminated-by-signal.","signal":-6,"signal_name":"SIGABRT","logger":"processor"}
{"timestamp":"2025-12-06T15:34:05.037480Z","level":"info","event":"Filling up the DagBag from /Users/nicolasvelazquez/documents/udesa/ingenieriadatos/examen_ing_de_sw_n_data_final/dags/medallion_medallion_dag.py","logger":"airflow.models.dagbag.DagBag","filename":"dagbag.py","lineno":593}
{"timestamp":"2025-12-06T15:34:05.167290Z","level":"error","event":"objc[53928]: +[NSNumber initialize] may have been in progress in another thread when fork() was called.","logger":"task.stderr"}
{"timestamp":"2025-12-06T15:34:05.167389Z","level":"error","event":"objc[53928]: +[NSNumber initialize] may have been in progress in another thread when fork() was called. We cannot safely call it or ignore it in the fork() child process. Crashing instead. Set a breakpoint on objc_initializeAfterForkError to debug.","logger":"task.stderr"}
{"timestamp":"2025-12-06T15:34:05.167478Z","level":"error","event":"Process terminated by signal. For more information, see https://airflow.apache.org/docs/apache-airflow/stable/troubleshooting.html#process-terminated-by-signal.","signal":-6,"signal_name":"SIGABRT","logger":"processor"}
{"timestamp":"2025-12-06T15:34:35.469345Z","level":"info","event":"Filling up the DagBag from /Users/nicolasvelazquez/documents/udesa/ingenieriadatos/examen_ing_de_sw_n_data_final/dags/medallion_medallion_dag.py","logger":"airflow.models.dagbag.DagBag","filename":"dagbag.py","lineno":593}
{"timestamp":"2025-12-06T15:34:35.596079Z","level":"error","event":"objc[53932]: +[NSNumber initialize] may have been in progress in another thread when fork() was called.","logger":"task.stderr"}
{"timestamp":"2025-12-06T15:34:35.596196Z","level":"error","event":"objc[53932]: +[NSNumber initialize] may have been in progress in another thread when fork() was called. We cannot safely call it or ignore it in the fork() child process. Crashing instead. Set a breakpoint on objc_initializeAfterForkError to debug.","logger":"task.stderr"}
{"timestamp":"2025-12-06T15:34:35.596291Z","level":"error","event":"Process terminated by signal. For more information, see https://airflow.apache.org/docs/apache-airflow/stable/troubleshooting.html#process-terminated-by-signal.","signal":-6,"signal_name":"SIGABRT","logger":"processor"}
{"timestamp":"2025-12-06T15:35:05.766862Z","level":"info","event":"Filling up the DagBag from /Users/nicolasvelazquez/documents/udesa/ingenieriadatos/examen_ing_de_sw_n_data_final/dags/medallion_medallion_dag.py","logger":"airflow.models.dagbag.DagBag","filename":"dagbag.py","lineno":593}
{"timestamp":"2025-12-06T15:35:05.895997Z","level":"error","event":"objc[53936]: +[NSNumber initialize] may have been in progress in another thread when fork() was called.","logger":"task.stderr"}
{"timestamp":"2025-12-06T15:35:05.896122Z","level":"error","event":"objc[53936]: +[NSNumber initialize] may have been in progress in another thread when fork() was called. We cannot safely call it or ignore it in the fork() child process. Crashing instead. Set a breakpoint on objc_initializeAfterForkError to debug.","logger":"task.stderr"}
{"timestamp":"2025-12-06T15:35:05.896217Z","level":"error","event":"Process terminated by signal. For more information, see https://airflow.apache.org/docs/apache-airflow/stable/troubleshooting.html#process-terminated-by-signal.","signal":-6,"signal_name":"SIGABRT","logger":"processor"}
{"timestamp":"2025-12-06T15:35:36.130512Z","level":"info","event":"Filling up the DagBag from /Users/nicolasvelazquez/documents/udesa/ingenieriadatos/examen_ing_de_sw_n_data_final/dags/medallion_medallion_dag.py","logger":"airflow.models.dagbag.DagBag","filename":"dagbag.py","lineno":593}
{"timestamp":"2025-12-06T15:35:36.260486Z","level":"error","event":"objc[53940]: +[NSNumber initialize] may have been in progress in another thread when fork() was called.","logger":"task.stderr"}
{"timestamp":"2025-12-06T15:35:36.260605Z","level":"error","event":"objc[53940]: +[NSNumber initialize] may have been in progress in another thread when fork() was called. We cannot safely call it or ignore it in the fork() child process. Crashing instead. Set a breakpoint on objc_initializeAfterForkError to debug.","logger":"task.stderr"}
{"timestamp":"2025-12-06T15:35:36.260714Z","level":"error","event":"Process terminated by signal. For more information, see https://airflow.apache.org/docs/apache-airflow/stable/troubleshooting.html#process-terminated-by-signal.","signal":-6,"signal_name":"SIGABRT","logger":"processor"}
{"timestamp":"2025-12-06T15:36:06.485855Z","level":"info","event":"Filling up the DagBag from /Users/nicolasvelazquez/documents/udesa/ingenieriadatos/examen_ing_de_sw_n_data_final/dags/medallion_medallion_dag.py","logger":"airflow.models.dagbag.DagBag","filename":"dagbag.py","lineno":593}
{"timestamp":"2025-12-06T15:36:06.624228Z","level":"error","event":"objc[53944]: +[NSNumber initialize] may have been in progress in another thread when fork() was called.","logger":"task.stderr"}
{"timestamp":"2025-12-06T15:36:06.624358Z","level":"error","event":"objc[53944]: +[NSNumber initialize] may have been in progress in another thread when fork() was called. We cannot safely call it or ignore it in the fork() child process. Crashing instead. Set a breakpoint on objc_initializeAfterForkError to debug.","logger":"task.stderr"}
{"timestamp":"2025-12-06T15:36:06.624479Z","level":"error","event":"Process terminated by signal. For more information, see https://airflow.apache.org/docs/apache-airflow/stable/troubleshooting.html#process-terminated-by-signal.","signal":-6,"signal_name":"SIGABRT","logger":"processor"}
{"timestamp":"2025-12-06T15:36:36.848721Z","level":"info","event":"Filling up the DagBag from /Users/nicolasvelazquez/documents/udesa/ingenieriadatos/examen_ing_de_sw_n_data_final/dags/medallion_medallion_dag.py","logger":"airflow.models.dagbag.DagBag","filename":"dagbag.py","lineno":593}
{"timestamp":"2025-12-06T15:36:36.965263Z","level":"error","event":"objc[53956]: +[NSNumber initialize] may have been in progress in another thread when fork() was called.","logger":"task.stderr"}
{"timestamp":"2025-12-06T15:36:36.965384Z","level":"error","event":"objc[53956]: +[NSNumber initialize] may have been in progress in another thread when fork() was called. We cannot safely call it or ignore it in the fork() child process. Crashing instead. Set a breakpoint on objc_initializeAfterForkError to debug.","logger":"task.stderr"}
{"timestamp":"2025-12-06T15:36:36.965481Z","level":"error","event":"Process terminated by signal. For more information, see https://airflow.apache.org/docs/apache-airflow/stable/troubleshooting.html#process-terminated-by-signal.","signal":-6,"signal_name":"SIGABRT","logger":"processor"}
{"timestamp":"2025-12-06T15:37:07.165205Z","level":"info","event":"Filling up the DagBag from /Users/nicolasvelazquez/documents/udesa/ingenieriadatos/examen_ing_de_sw_n_data_final/dags/medallion_medallion_dag.py","logger":"airflow.models.dagbag.DagBag","filename":"dagbag.py","lineno":593}
{"timestamp":"2025-12-06T15:37:07.299046Z","level":"error","event":"objc[54897]: +[NSNumber initialize] may have been in progress in another thread when fork() was called.","logger":"task.stderr"}
{"timestamp":"2025-12-06T15:37:07.299171Z","level":"error","event":"objc[54897]: +[NSNumber initialize] may have been in progress in another thread when fork() was called. We cannot safely call it or ignore it in the fork() child process. Crashing instead. Set a breakpoint on objc_initializeAfterForkError to debug.","logger":"task.stderr"}
{"timestamp":"2025-12-06T15:37:07.299270Z","level":"error","event":"Process terminated by signal. For more information, see https://airflow.apache.org/docs/apache-airflow/stable/troubleshooting.html#process-terminated-by-signal.","signal":-6,"signal_name":"SIGABRT","logger":"processor"}
{"timestamp":"2025-12-06T15:37:37.526386Z","level":"info","event":"Filling up the DagBag from /Users/nicolasvelazquez/documents/udesa/ingenieriadatos/examen_ing_de_sw_n_data_final/dags/medallion_medallion_dag.py","logger":"airflow.models.dagbag.DagBag","filename":"dagbag.py","lineno":593}
{"timestamp":"2025-12-06T15:37:37.653621Z","level":"error","event":"objc[54932]: +[NSNumber initialize] may have been in progress in another thread when fork() was called.","logger":"task.stderr"}
{"timestamp":"2025-12-06T15:37:37.653728Z","level":"error","event":"objc[54932]: +[NSNumber initialize] may have been in progress in another thread when fork() was called. We cannot safely call it or ignore it in the fork() child process. Crashing instead. Set a breakpoint on objc_initializeAfterForkError to debug.","logger":"task.stderr"}
{"timestamp":"2025-12-06T15:37:37.653820Z","level":"error","event":"Process terminated by signal. For more information, see https://airflow.apache.org/docs/apache-airflow/stable/troubleshooting.html#process-terminated-by-signal.","signal":-6,"signal_name":"SIGABRT","logger":"processor"}
{"timestamp":"2025-12-06T15:38:07.849044Z","level":"info","event":"Filling up the DagBag from /Users/nicolasvelazquez/documents/udesa/ingenieriadatos/examen_ing_de_sw_n_data_final/dags/medallion_medallion_dag.py","logger":"airflow.models.dagbag.DagBag","filename":"dagbag.py","lineno":593}
{"timestamp":"2025-12-06T15:38:07.974725Z","level":"error","event":"objc[55352]: +[NSNumber initialize] may have been in progress in another thread when fork() was called.","logger":"task.stderr"}
{"timestamp":"2025-12-06T15:38:07.974841Z","level":"error","event":"objc[55352]: +[NSNumber initialize] may have been in progress in another thread when fork() was called. We cannot safely call it or ignore it in the fork() child process. Crashing instead. Set a breakpoint on objc_initializeAfterForkError to debug.","logger":"task.stderr"}
{"timestamp":"2025-12-06T15:38:07.974940Z","level":"error","event":"Process terminated by signal. For more information, see https://airflow.apache.org/docs/apache-airflow/stable/troubleshooting.html#process-terminated-by-signal.","signal":-6,"signal_name":"SIGABRT","logger":"processor"}
{"timestamp":"2025-12-06T15:38:38.152630Z","level":"info","event":"Filling up the DagBag from /Users/nicolasvelazquez/documents/udesa/ingenieriadatos/examen_ing_de_sw_n_data_final/dags/medallion_medallion_dag.py","logger":"airflow.models.dagbag.DagBag","filename":"dagbag.py","lineno":593}
{"timestamp":"2025-12-06T15:38:38.283823Z","level":"error","event":"objc[55357]: +[NSNumber initialize] may have been in progress in another thread when fork() was called.","logger":"task.stderr"}
{"timestamp":"2025-12-06T15:38:38.283949Z","level":"error","event":"objc[55357]: +[NSNumber initialize] may have been in progress in another thread when fork() was called. We cannot safely call it or ignore it in the fork() child process. Crashing instead. Set a breakpoint on objc_initializeAfterForkError to debug.","logger":"task.stderr"}
{"timestamp":"2025-12-06T15:38:38.284054Z","level":"error","event":"Process terminated by signal. For more information, see https://airflow.apache.org/docs/apache-airflow/stable/troubleshooting.html#process-terminated-by-signal.","signal":-6,"signal_name":"SIGABRT","logger":"processor"}
{"timestamp":"2025-12-06T15:39:08.479709Z","level":"info","event":"Filling up the DagBag from /Users/nicolasvelazquez/documents/udesa/ingenieriadatos/examen_ing_de_sw_n_data_final/dags/medallion_medallion_dag.py","logger":"airflow.models.dagbag.DagBag","filename":"dagbag.py","lineno":593}
{"timestamp":"2025-12-06T15:39:08.611128Z","level":"error","event":"objc[55364]: +[NSNumber initialize] may have been in progress in another thread when fork() was called.","logger":"task.stderr"}
{"timestamp":"2025-12-06T15:39:08.611251Z","level":"error","event":"objc[55364]: +[NSNumber initialize] may have been in progress in another thread when fork() was called. We cannot safely call it or ignore it in the fork() child process. Crashing instead. Set a breakpoint on objc_initializeAfterForkError to debug.","logger":"task.stderr"}
{"timestamp":"2025-12-06T15:39:08.611412Z","level":"error","event":"Process terminated by signal. For more information, see https://airflow.apache.org/docs/apache-airflow/stable/troubleshooting.html#process-terminated-by-signal.","signal":-6,"signal_name":"SIGABRT","logger":"processor"}
{"timestamp":"2025-12-06T15:39:38.800537Z","level":"info","event":"Filling up the DagBag from /Users/nicolasvelazquez/documents/udesa/ingenieriadatos/examen_ing_de_sw_n_data_final/dags/medallion_medallion_dag.py","logger":"airflow.models.dagbag.DagBag","filename":"dagbag.py","lineno":593}
{"timestamp":"2025-12-06T15:39:38.935093Z","level":"error","event":"objc[55386]: +[NSNumber initialize] may have been in progress in another thread when fork() was called.","logger":"task.stderr"}
{"timestamp":"2025-12-06T15:39:38.935211Z","level":"error","event":"objc[55386]: +[NSNumber initialize] may have been in progress in another thread when fork() was called. We cannot safely call it or ignore it in the fork() child process. Crashing instead. Set a breakpoint on objc_initializeAfterForkError to debug.","logger":"task.stderr"}
{"timestamp":"2025-12-06T15:39:38.935304Z","level":"error","event":"Process terminated by signal. For more information, see https://airflow.apache.org/docs/apache-airflow/stable/troubleshooting.html#process-terminated-by-signal.","signal":-6,"signal_name":"SIGABRT","logger":"processor"}
{"timestamp":"2025-12-06T15:40:09.147414Z","level":"info","event":"Filling up the DagBag from /Users/nicolasvelazquez/documents/udesa/ingenieriadatos/examen_ing_de_sw_n_data_final/dags/medallion_medallion_dag.py","logger":"airflow.models.dagbag.DagBag","filename":"dagbag.py","lineno":593}
{"timestamp":"2025-12-06T15:40:09.293098Z","level":"error","event":"objc[55391]: +[NSNumber initialize] may have been in progress in another thread when fork() was called.","logger":"task.stderr"}
{"timestamp":"2025-12-06T15:40:09.293211Z","level":"error","event":"objc[55391]: +[NSNumber initialize] may have been in progress in another thread when fork() was called. We cannot safely call it or ignore it in the fork() child process. Crashing instead. Set a breakpoint on objc_initializeAfterForkError to debug.","logger":"task.stderr"}
{"timestamp":"2025-12-06T15:40:09.293309Z","level":"error","event":"Process terminated by signal. For more information, see https://airflow.apache.org/docs/apache-airflow/stable/troubleshooting.html#process-terminated-by-signal.","signal":-6,"signal_name":"SIGABRT","logger":"processor"}
{"timestamp":"2025-12-06T15:40:39.504138Z","level":"info","event":"Filling up the DagBag from /Users/nicolasvelazquez/documents/udesa/ingenieriadatos/examen_ing_de_sw_n_data_final/dags/medallion_medallion_dag.py","logger":"airflow.models.dagbag.DagBag","filename":"dagbag.py","lineno":593}
{"timestamp":"2025-12-06T15:40:39.634198Z","level":"error","event":"objc[55395]: +[NSNumber initialize] may have been in progress in another thread when fork() was called.","logger":"task.stderr"}
{"timestamp":"2025-12-06T15:40:39.634295Z","level":"error","event":"objc[55395]: +[NSNumber initialize] may have been in progress in another thread when fork() was called. We cannot safely call it or ignore it in the fork() child process. Crashing instead. Set a breakpoint on objc_initializeAfterForkError to debug.","logger":"task.stderr"}
{"timestamp":"2025-12-06T15:40:39.634385Z","level":"error","event":"Process terminated by signal. For more information, see https://airflow.apache.org/docs/apache-airflow/stable/troubleshooting.html#process-terminated-by-signal.","signal":-6,"signal_name":"SIGABRT","logger":"processor"}
{"timestamp":"2025-12-06T15:41:09.822604Z","level":"info","event":"Filling up the DagBag from /Users/nicolasvelazquez/documents/udesa/ingenieriadatos/examen_ing_de_sw_n_data_final/dags/medallion_medallion_dag.py","logger":"airflow.models.dagbag.DagBag","filename":"dagbag.py","lineno":593}
{"timestamp":"2025-12-06T15:41:09.960188Z","level":"error","event":"objc[55399]: +[NSNumber initialize] may have been in progress in another thread when fork() was called.","logger":"task.stderr"}
{"timestamp":"2025-12-06T15:41:09.960323Z","level":"error","event":"objc[55399]: +[NSNumber initialize] may have been in progress in another thread when fork() was called. We cannot safely call it or ignore it in the fork() child process. Crashing instead. Set a breakpoint on objc_initializeAfterForkError to debug.","logger":"task.stderr"}
{"timestamp":"2025-12-06T15:41:09.960442Z","level":"error","event":"Process terminated by signal. For more information, see https://airflow.apache.org/docs/apache-airflow/stable/troubleshooting.html#process-terminated-by-signal.","signal":-6,"signal_name":"SIGABRT","logger":"processor"}
{"timestamp":"2025-12-06T15:41:40.149458Z","level":"info","event":"Filling up the DagBag from /Users/nicolasvelazquez/documents/udesa/ingenieriadatos/examen_ing_de_sw_n_data_final/dags/medallion_medallion_dag.py","logger":"airflow.models.dagbag.DagBag","filename":"dagbag.py","lineno":593}
{"timestamp":"2025-12-06T15:41:40.282249Z","level":"error","event":"objc[55404]: +[NSNumber initialize] may have been in progress in another thread when fork() was called.","logger":"task.stderr"}
{"timestamp":"2025-12-06T15:41:40.282381Z","level":"error","event":"objc[55404]: +[NSNumber initialize] may have been in progress in another thread when fork() was called. We cannot safely call it or ignore it in the fork() child process. Crashing instead. Set a breakpoint on objc_initializeAfterForkError to debug.","logger":"task.stderr"}
{"timestamp":"2025-12-06T15:41:40.282497Z","level":"error","event":"Process terminated by signal. For more information, see https://airflow.apache.org/docs/apache-airflow/stable/troubleshooting.html#process-terminated-by-signal.","signal":-6,"signal_name":"SIGABRT","logger":"processor"}
{"timestamp":"2025-12-06T15:42:10.456230Z","level":"info","event":"Filling up the DagBag from /Users/nicolasvelazquez/documents/udesa/ingenieriadatos/examen_ing_de_sw_n_data_final/dags/medallion_medallion_dag.py","logger":"airflow.models.dagbag.DagBag","filename":"dagbag.py","lineno":593}
{"timestamp":"2025-12-06T15:42:10.597841Z","level":"error","event":"objc[55409]: +[NSNumber initialize] may have been in progress in another thread when fork() was called.","logger":"task.stderr"}
{"timestamp":"2025-12-06T15:42:10.598099Z","level":"error","event":"Process terminated by signal. For more information, see https://airflow.apache.org/docs/apache-airflow/stable/troubleshooting.html#process-terminated-by-signal.","signal":-6,"signal_name":"SIGABRT","logger":"processor"}
{"timestamp":"2025-12-06T15:42:10.600921Z","level":"error","event":"objc[55409]: +[NSNumber initialize] may have been in progress in another thread when fork() was called. We cannot safely call it or ignore it in the fork() child process. Crashing instead. Set a breakpoint on objc_initializeAfterForkError to debug.","logger":"task.stderr"}
{"timestamp":"2025-12-06T15:42:40.797192Z","level":"info","event":"Filling up the DagBag from /Users/nicolasvelazquez/documents/udesa/ingenieriadatos/examen_ing_de_sw_n_data_final/dags/medallion_medallion_dag.py","logger":"airflow.models.dagbag.DagBag","filename":"dagbag.py","lineno":593}
{"timestamp":"2025-12-06T15:42:40.942589Z","level":"error","event":"objc[55415]: +[NSNumber initialize] may have been in progress in another thread when fork() was called.","logger":"task.stderr"}
{"timestamp":"2025-12-06T15:42:40.942741Z","level":"error","event":"objc[55415]: +[NSNumber initialize] may have been in progress in another thread when fork() was called. We cannot safely call it or ignore it in the fork() child process. Crashing instead. Set a breakpoint on objc_initializeAfterForkError to debug.","logger":"task.stderr"}
{"timestamp":"2025-12-06T15:42:40.942880Z","level":"error","event":"Process terminated by signal. For more information, see https://airflow.apache.org/docs/apache-airflow/stable/troubleshooting.html#process-terminated-by-signal.","signal":-6,"signal_name":"SIGABRT","logger":"processor"}
